data/terrain/palm1.pgd data_src/pcx/terrain/palm1.pcx \\x50\\x41\\x4c\\x4d\\x31\\x00\\x00 \\x00 22 16
data/terrain/woak1.pgd data_src/pcx/terrain/woak1.pcx \\x57\\x4f\\x41\\x4b\\x31\\x00\\x00 \\xd7 17 20
data/terrain/wholema4.pgd data_src/pcx/terrain/wholema4.pcx \\x50\\x4f\\x4c\\x41\\x52\\x00\\x00 \\x72 2400 200
data/terrain/barr2.pgd data_src/pcx/terrain/barr2.pcx \\x42\\x41\\x52\\x52\\x32\\x00\\x00 \\x04 26 11
data/terrain/dchou5.pgd data_src/pcx/terrain/dchou5.pcx \\x44\\x43\\x48\\x4f\\x55\\x35\\x00 \\x00 35 19
data/terrain/dtowe2.pgd data_src/pcx/terrain/dtowe2.pcx \\x44\\x54\\x4f\\x57\\x45\\x32\\x00 \\xc3 19 31
data/terrain/barra2.pgd data_src/pcx/terrain/barra2.pcx \\x42\\x41\\x52\\x52\\x41\\x32\\x00 \\xd4 26 11
data/terrain/dhou4.pgd data_src/pcx/terrain/dhou4.pcx \\x44\\x48\\x4f\\x55\\x34\\x00\\x00 \\x00 43 19
data/terrain/back1.pgd data_src/pcx/terrain/back1.pcx \\x42\\x41\\x43\\x4b\\x31\\x00\\x00 \\x74 209 46
data/terrain/kkpesa.pgd data_src/pcx/terrain/kkpesa.pcx \\x4b\\x4b\\x50\\x45\\x53\\x41\\x00 \\x80 190 67
data/terrain/hou4.pgd data_src/pcx/terrain/hou4.pcx \\x48\\x4f\\x55\\x34\\x00\\x7e\\x00 \\x00 43 19
data/terrain/warning.pgd data_src/pcx/terrain/warning.pcx \\x53\\x49\\x47\\x4e\\x30\\x31\\x00 \\x00 13 21
data/terrain/aut2.pgd data_src/pcx/terrain/aut2.pcx \\x41\\x55\\x54\\x32\\x00\\x7e\\x00 \\x16 16 18
data/terrain/hou2.pgd data_src/pcx/terrain/hou2.pcx \\x48\\x4f\\x55\\x32\\x00\\x7e\\x00 \\x00 48 23
data/terrain/dtower.pgd data_src/pcx/terrain/dtower.pcx \\x44\\x54\\x4f\\x57\\x45\\x52\\x00 \\x00 19 31
data/terrain/bush2.pgd data_src/pcx/terrain/bush2.pcx \\x42\\x55\\x53\\x48\\x32\\x00\\x00 \\x6a 12 6
data/terrain/store1.pgd data_src/pcx/terrain/store1.pcx \\x53\\x54\\x4f\\x52\\x45\\x31\\x00 \\x00 22 14
data/terrain/oak1.pgd data_src/pcx/terrain/oak1.pcx \\x4f\\x41\\x4b\\x31\\x00\\x7e\\x00 \\x00 17 20
data/terrain/dhou3.pgd data_src/pcx/terrain/dhou3.pcx \\x44\\x48\\x4f\\x55\\x33\\x00\\x00 \\x00 16 27
data/terrain/lvl13.pgd data_src/pcx/terrain/lvl13.pcx \\x4c\\x56\\x4c\\x31\\x33\\x00\\x00 \\x74 2400 200
data/terrain/pole.pgd data_src/pcx/terrain/pole.pcx \\x50\\x4f\\x4c\\x45\\x00\\x7e\\x00 \\x74 1 28
data/terrain/lvl10.pgd data_src/pcx/terrain/lvl10.pcx \\x4c\\x56\\x4c\\x31\\x30\\x00\\x00 \\x72 2400 200
data/terrain/tower2.pgd data_src/pcx/terrain/tower2.pcx \\x54\\x4f\\x57\\x45\\x52\\x32\\x00 \\xf4 19 31
data/terrain/kak1.pgd data_src/pcx/terrain/kak1.pcx \\x4b\\x41\\x4b\\x31\\x00\\x7e\\x00 \\xc1 12 28
data/terrain/dcbarr.pgd data_src/pcx/terrain/dcbarr.pcx \\x44\\x43\\x42\\x41\\x52\\x52\\x00 \\x7f 30 11
data/terrain/dfac2.pgd data_src/pcx/terrain/dfac2.pcx \\x44\\x46\\x41\\x43\\x32\\x00\\x00 \\xcf 52 19
data/terrain/dhouse.pgd data_src/pcx/terrain/dhouse.pcx \\x44\\x48\\x4f\\x55\\x53\\x45\\x00 \\xb1 43 19
data/terrain/hangar.pgd data_src/pcx/terrain/hangar.pcx \\x48\\x41\\x4e\\x47\\x41\\x52\\x00 \\x00 54 16
data/terrain/lvl14.pgd data_src/pcx/terrain/lvl14.pcx \\x4c\\x56\\x4c\\x31\\x34\\x00\\x00 \\x74 2400 200
data/terrain/dbir1.pgd data_src/pcx/terrain/dbir1.pcx \\x44\\x42\\x49\\x52\\x31\\x00\\x00 \\xc1 15 18
data/terrain/lvl4.pgd data_src/pcx/terrain/lvl4.pcx \\x4c\\x56\\x4c\\x34\\x00\\x07\\x00 \\x71 2400 200
data/terrain/wholema3.pgd data_src/pcx/terrain/wholema3.pcx \\x4f\\x43\\x45\\x41\\x4e\\x00\\x00 \\x72 2400 200
data/terrain/back2.pgd data_src/pcx/terrain/back2.pcx \\x42\\x41\\x43\\x4b\\x32\\x00\\x00 \\x74 222 64
data/terrain/tower.pgd data_src/pcx/terrain/tower.pcx \\x54\\x4f\\x57\\x45\\x52\\x00\\x00 \\x00 19 31
data/terrain/dcbarra2.pgd data_src/pcx/terrain/dcbarra2.pcx \\x44\\x41\\x52\\x52\\x41\\x32\\x00 \\x14 26 11
data/terrain/dvec2.pgd data_src/pcx/terrain/dvec2.pcx \\x44\\x56\\x45\\x43\\x32\\x00\\x00 \\x49 20 10
data/terrain/dhangar.pgd data_src/pcx/terrain/dhangar.pcx \\x44\\x48\\x41\\x4e\\x47\\x41\\x00 \\x00 54 16
data/terrain/chou1.pgd data_src/pcx/terrain/chou1.pcx \\x43\\x48\\x4f\\x55\\x31\\x00\\x00 \\xbf 31 18
data/terrain/lvl6.pgd data_src/pcx/terrain/lvl6.pcx \\x4c\\x56\\x4c\\x36\\x00\\x07\\x00 \\x74 2400 200
data/terrain/t4.pgd data_src/pcx/terrain/t4.pcx \\x54\\x34\\x00\\x00\\x0b\\x07\\x00 \\x65 13 13
data/terrain/wholema6.pgd data_src/pcx/terrain/wholema6.pcx \\x43\\x41\\x56\\x45\\x52\\x4e\\x00 \\x73 2400 200
data/terrain/cbarra2.pgd data_src/pcx/terrain/cbarra2.pcx \\x43\\x42\\x41\\x52\\x52\\x32\\x00 \\xc1 26 11
data/terrain/vec1.pgd data_src/pcx/terrain/vec1.pcx \\x56\\x45\\x43\\x31\\x00\\x7e\\x00 \\xc6 20 10
data/terrain/doak1.pgd data_src/pcx/terrain/doak1.pcx \\x44\\x4f\\x41\\x4b\\x31\\x00\\x00 \\xc1 17 20
data/terrain/house2.pgd data_src/pcx/terrain/house2.pcx \\x48\\x4f\\x55\\x53\\x45\\x32\\x00 \\x00 30 19
data/terrain/dcbar2.pgd data_src/pcx/terrain/dcbar2.pcx \\x44\\x43\\x42\\x41\\x52\\x32\\x00 \\x00 26 11
data/terrain/kkbase.pgd data_src/pcx/terrain/kkbase.pcx \\x4b\\x4b\\x42\\x41\\x53\\x45\\x00 \\xf8 26 21
data/terrain/palm3.pgd data_src/pcx/terrain/palm3.pcx \\x50\\x41\\x4c\\x4d\\x33\\x00\\x00 \\xc1 22 16
data/terrain/tunnel.pgd data_src/pcx/terrain/tunnel.pcx \\x54\\x55\\x4e\\x4e\\x45\\x4c\\x00 \\xff 33 10
data/terrain/lvl11.pgd data_src/pcx/terrain/lvl11.pcx \\x4c\\x56\\x4c\\x31\\x31\\x00\\x00 \\x00 2400 200
data/terrain/cbarra.pgd data_src/pcx/terrain/cbarra.pcx \\x43\\x42\\x41\\x52\\x52\\x41\\x00 \\xcf 30 11
data/terrain/kiito.pgd data_src/pcx/terrain/kiito.pcx \\x4b\\x49\\x49\\x54\\x4f\\x00\\x00 \\x74 112 6
data/terrain/dbarra2.pgd data_src/pcx/terrain/dbarra2.pcx \\x44\\x41\\x52\\x52\\x41\\x32\\x00 \\x16 26 11
data/terrain/lvl15.pgd data_src/pcx/terrain/lvl15.pcx \\x4c\\x56\\x4c\\x31\\x35\\x00\\x00 \\x74 2400 200
data/terrain/chou5.pgd data_src/pcx/terrain/chou5.pcx \\x43\\x48\\x4f\\x55\\x35\\x00\\x00 \\x00 35 19
data/terrain/kak2.pgd data_src/pcx/terrain/kak2.pcx \\x4b\\x41\\x4b\\x32\\x00\\x7e\\x00 \\x00 10 22
data/terrain/hou5.pgd data_src/pcx/terrain/hou5.pcx \\x48\\x4f\\x55\\x35\\x00\\xef\\x04 \\xc1 35 19
data/terrain/dhou5.pgd data_src/pcx/terrain/dhou5.pcx \\x44\\x48\\x4f\\x55\\x35\\x00\\x00 \\x2a 35 19
data/terrain/kaktus.pgd data_src/pcx/terrain/kaktus.pcx \\x4b\\x41\\x4b\\x54\\x55\\x53\\x00 \\x74 12 28
data/terrain/dhou2.pgd data_src/pcx/terrain/dhou2.pcx \\x44\\x48\\x4f\\x55\\x32\\x00\\x00 \\xc2 48 23
data/terrain/dfac1.pgd data_src/pcx/terrain/dfac1.pcx \\x44\\x46\\x41\\x43\\x31\\x00\\x00 \\xff 30 22
data/terrain/dtent2.pgd data_src/pcx/terrain/dtent2.pcx \\x44\\x54\\x45\\x4e\\x54\\x32\\x00 \\xc1 39 22
data/terrain/t1.pgd data_src/pcx/terrain/t1.pcx \\x54\\x31\\x00\\x00\\x0b\\x07\\x00 \\xe8 21 7
data/terrain/birch2.pgd data_src/pcx/terrain/birch2.pcx \\x42\\x49\\x52\\x43\\x48\\x32\\x00 \\xff 16 18
data/terrain/outo2.pgd data_src/pcx/terrain/outo2.pcx \\x4f\\x55\\x54\\x4f\\x32\\x00\\x00 \\x68 26 12
data/terrain/diglu1.pgd data_src/pcx/terrain/diglu1.pcx \\x44\\x49\\x47\\x4c\\x55\\x31\\x00 \\xd8 35 13
data/terrain/watert.pgd data_src/pcx/terrain/watert.pcx \\x57\\x41\\x54\\x45\\x52\\x54\\x00 \\x00 19 21
data/terrain/factory.pgd data_src/pcx/terrain/factory.pcx \\x46\\x41\\x43\\x54\\x4f\\x52\\x00 \\x66 52 19
data/terrain/oak3.pgd data_src/pcx/terrain/oak3.pcx \\x4f\\x41\\x4b\\x33\\x00\\x7e\\x00 \\x00 14 17
data/menus/menua.pgd data_src/pcx/terrain/menua.pcx \\x41\\x53\\x53\\x49\\x47\\x4e\\x00 \\xff 320 200
data/terrain/dpalm1.pgd data_src/pcx/terrain/dpalm1.pcx \\x44\\x50\\x41\\x4c\\x4d\\x31\\x00 \\x00 22 16
data/terrain/lvl7.pgd data_src/pcx/terrain/lvl7.pcx \\x4c\\x56\\x4c\\x37\\x00\\x03\\x00 \\xff 2400 200
data/terrain/tent2.pgd data_src/pcx/terrain/tent2.pcx \\x54\\x45\\x4e\\x54\\x32\\x00\\x00 \\xc1 39 22
data/terrain/aut1.pgd data_src/pcx/terrain/aut1.pcx \\x41\\x55\\x54\\x31\\x00\\x7e\\x00 \\x00 15 18
data/terrain/lvl12.pgd data_src/pcx/terrain/lvl12.pcx \\x4c\\x56\\x4c\\x31\\x32\\x00\\x00 \\x74 2400 200
data/terrain/t2.pgd data_src/pcx/terrain/t2.pcx \\x54\\x32\\x00\\x00\\x0b\\x07\\x00 \\x71 17 23
data/terrain/kak3.pgd data_src/pcx/terrain/kak3.pcx \\x4b\\x41\\x4b\\x33\\x00\\x7e\\x00 \\x66 10 22
data/terrain/birch3.pgd data_src/pcx/terrain/birch3.pcx \\x42\\x49\\x52\\x43\\x48\\x33\\x00 \\x00 11 17
data/terrain/doak2.pgd data_src/pcx/terrain/doak2.pcx \\x44\\x4f\\x41\\x4b\\x32\\x00\\x00 \\xe9 16 19
data/terrain/bush1.pgd data_src/pcx/terrain/bush1.pcx \\x42\\x55\\x53\\x48\\x31\\x00\\x00 \\xc1 13 7
data/terrain/lvl9.pgd data_src/pcx/terrain/lvl9.pcx \\x4c\\x56\\x4c\\x39\\x00\\x07\\x00 \\x74 2400 200
data/terrain/wholema5.pgd data_src/pcx/terrain/wholema5.pcx \\x55\\x52\\x42\\x41\\x4e\\x00\\x00 \\x00 2400 200
data/terrain/cartow.pgd data_src/pcx/terrain/cartow.pcx \\x43\\x41\\x52\\x54\\x4f\\x57\\x00 \\x68 17 20
data/terrain/dfactory.pgd data_src/pcx/terrain/dfactory.pcx \\x44\\x46\\x41\\x43\\x54\\x4f\\x00 \\x06 52 19
data/terrain/dpalm2.pgd data_src/pcx/terrain/dpalm2.pcx \\x44\\x50\\x41\\x4c\\x4d\\x32\\x00 \\xd3 22 17
data/terrain/woak3.pgd data_src/pcx/terrain/woak3.pcx \\x57\\x4f\\x41\\x4b\\x33\\x00\\x00 \\x00 15 17
data/terrain/dchou1.pgd data_src/pcx/terrain/dchou1.pcx \\x44\\x43\\x48\\x4f\\x55\\x31\\x00 \\x00 30 18
data/terrain/lvl2.pgd data_src/pcx/terrain/lvl2.pcx \\x4c\\x56\\x4c\\x32\\x00\\x07\\x00 \\x89 2400 200
data/terrain/hou3.pgd data_src/pcx/terrain/hou3.pcx \\x48\\x4f\\x55\\x33\\x00\\x7e\\x00 \\xcd 16 27
data/terrain/fac2.pgd data_src/pcx/terrain/fac2.pcx \\x46\\x41\\x43\\x32\\x00\\x7e\\x00 \\x00 46 17
data/terrain/vec2.pgd data_src/pcx/terrain/vec2.pcx \\x56\\x45\\x43\\x32\\x00\\x7e\\x00 \\x89 20 10
data/terrain/fac1.pgd data_src/pcx/terrain/fac1.pcx \\x46\\x41\\x43\\x31\\x00\\x7e\\x00 \\x00 30 22
data/terrain/dbir3.pgd data_src/pcx/terrain/dbir3.pcx \\x44\\x42\\x49\\x52\\x33\\x00\\x00 \\xdc 11 17
data/terrain/kasa.pgd data_src/pcx/terrain/kasa.pcx \\x4b\\x41\\x53\\x41\\x00\\x07\\x00 \\x73 25 34
data/terrain/dvec1.pgd data_src/pcx/terrain/dvec1.pcx \\x44\\x56\\x45\\x43\\x31\\x00\\x00 \\xff 20 10
data/terrain/taloja.pgd data_src/pcx/terrain/taloja.pcx \\x42\\x55\\x49\\x4c\\x44\\x31\\x00 \\x00 320 200
data/terrain/dbarra.pgd data_src/pcx/terrain/dbarra.pcx \\x44\\x42\\x41\\x52\\x52\\x41\\x00 \\xd7 30 11
data/terrain/t3.pgd data_src/pcx/terrain/t3.pcx \\x54\\x33\\x00\\x00\\x0b\\x07\\x00 \\x74 13 13
data/terrain/lvl3.pgd data_src/pcx/terrain/lvl3.pcx \\x4c\\x56\\x4c\\x33\\x00\\x07\\x00 \\x08 2400 200
data/terrain/cbarr2.pgd data_src/pcx/terrain/cbarr2.pcx \\x43\\x42\\x41\\x52\\x52\\x32\\x00 \\xff 26 11
data/terrain/dbarr2.pgd data_src/pcx/terrain/dbarr2.pcx \\x44\\x42\\x41\\x52\\x52\\x32\\x00 \\x1a 26 11
data/terrain/house.pgd data_src/pcx/terrain/house.pcx \\x48\\x4f\\x55\\x53\\x45\\x00\\x00 \\x00 43 19
data/terrain/dstore.pgd data_src/pcx/terrain/dstore.pcx \\x44\\x53\\x54\\x4f\\x52\\x45\\x00 \\x23 22 14
data/terrain/woak2.pgd data_src/pcx/terrain/woak2.pcx \\x57\\x4f\\x41\\x4b\\x32\\x00\\x00 \\x00 16 19
data/terrain/lvl8.pgd data_src/pcx/terrain/lvl8.pcx \\x4c\\x56\\x4c\\x38\\x00\\x07\\x00 \\x70 2400 200
data/terrain/palm2.pgd data_src/pcx/terrain/palm2.pcx \\x50\\x41\\x4c\\x4d\\x32\\x00\\x00 \\x00 22 17
data/terrain/barra.pgd data_src/pcx/terrain/barra.pcx \\x42\\x41\\x52\\x52\\x41\\x00\\x00 \\xff 30 11
data/terrain/dpalm3.pgd data_src/pcx/terrain/dpalm3.pcx \\x44\\x50\\x41\\x4c\\x4d\\x33\\x00 \\xff 22 16
data/terrain/t5.pgd data_src/pcx/terrain/t5.pcx \\x54\\x35\\x00\\x00\\x0b\\x07\\x00 \\x74 13 13
data/terrain/dbir2.pgd data_src/pcx/terrain/dbir2.pcx \\x44\\x42\\x49\\x52\\x32\\x00\\x00 \\xc1 16 18
data/terrain/birch1.pgd data_src/pcx/terrain/birch1.pcx \\x42\\x49\\x52\\x43\\x48\\x31\\x00 \\x6b 15 18
data/terrain/oak2.pgd data_src/pcx/terrain/oak2.pcx \\x4f\\x41\\x4b\\x32\\x00\\x7e\\x00 \\x00 16 19
data/terrain/dwatert.pgd data_src/pcx/terrain/dwatert.pcx \\x44\\x57\\x41\\x54\\x00\\xef\\x04 \\xc2 19 21
data/terrain/aut3.pgd data_src/pcx/terrain/aut3.pcx \\x41\\x55\\x54\\x33\\x00\\x7e\\x00 \\x11 11 17
data/terrain/doak3.pgd data_src/pcx/terrain/doak3.pcx \\x44\\x4f\\x41\\x4b\\x33\\x00\\x00 \\xff 14 17
data/terrain/wholema2.pgd data_src/pcx/terrain/wholema2.pcx \\x44\\x45\\x53\\x45\\x52\\x54\\x00 \\x5f 2400 200
data/terrain/lvl1.pgd data_src/pcx/terrain/lvl1.pcx \\x4c\\x56\\x4c\\x31\\x00\\x07\\x00 \\x00 2400 200
data/terrain/hou1.pgd data_src/pcx/terrain/hou1.pcx \\x48\\x4f\\x55\\x31\\x00\\x7e\\x00 \\xc8 31 18
data/terrain/dhou1.pgd data_src/pcx/terrain/dhou1.pcx \\x44\\x48\\x4f\\x55\\x31\\x00\\x00 \\x00 31 18
data/terrain/iglu1.pgd data_src/pcx/terrain/iglu1.pcx \\x49\\x47\\x4c\\x55\\x31\\x00\\x00 \\x13 35 13
data/terrain/outo.pgd data_src/pcx/terrain/outo.pcx \\x4f\\x55\\x54\\x4f\\x00\\x07\\x00 \\x74 25 12
data/terrain/bridge.pgd data_src/pcx/terrain/bridge.pcx \\x42\\x52\\x49\\x44\\x47\\x45\\x00 \\xff 303 60
data/terrain/wholemai.pgd data_src/pcx/terrain/wholemai.pcx \\x4d\\x41\\x49\\x53\\x44\\x54\\x00 \\x00 2400 200
data/font/acesfn.pgd data_src/pcx/font/acesfn.pcx \\x41\\x43\\x45\\x53\\x46\\x4e\\x00 \\xc1 81 97
data/font/grid3.pgd data_src/pcx/font/grid3.pcx \\x47\\x33\\x46\\x4f\\x4e\\x54\\x00 \\x47 81 145
data/font/frost/frostpl.pgd data_src/pcx/font/frost/frostpl.pcx \\x46\\x52\\x4f\\x53\\x54\\x6c\\x00 \\x1a 6 8
data/font/frost/froste22.pgd data_src/pcx/font/frost/froste22.pcx \\x46\\x52\\x4f\\x53\\x54\\x3e\\x00 \\xc4 6 8
data/font/frost/frostn4.pgd data_src/pcx/font/frost/frostn4.pcx \\x46\\x52\\x4f\\x53\\x54\\x34\\x00 \\xff 6 8
data/font/frost/frostpd.pgd data_src/pcx/font/frost/frostpd.pcx \\x46\\x52\\x4f\\x53\\x54\\x64\\x00 \\xff 6 8
data/font/frost/frostph.pgd data_src/pcx/font/frost/frostph.pcx \\x46\\x52\\x4f\\x53\\x54\\x68\\x00 \\x1c 6 8
data/font/frost/froste16.pgd data_src/pcx/font/frost/froste16.pcx \\x46\\x52\\x4f\\x53\\x54\\x5b\\x00 \\xff 6 8
data/font/frost/frostpau.pgd data_src/pcx/font/frost/frostpau.pcx \\x46\\x52\\x4f\\x53\\x54\\x84\\x00 \\xff 6 8
data/font/frost/frostpe.pgd data_src/pcx/font/frost/frostpe.pcx \\x46\\x52\\x4f\\x53\\x54\\x65\\x00 \\x00 6 8
data/font/frost/frostip.pgd data_src/pcx/font/frost/frostip.pcx \\x46\\x52\\x4f\\x53\\x54\\x50\\x00 \\xff 6 8
data/font/frost/froste4.pgd data_src/pcx/font/frost/froste4.pcx \\x46\\x52\\x4f\\x53\\x54\\x24\\x00 \\x79 6 8
data/font/frost/frostpa.pgd data_src/pcx/font/frost/frostpa.pcx \\x46\\x52\\x4f\\x53\\x54\\x61\\x00 \\x00 6 8
data/font/frost/frosteco.pgd data_src/pcx/font/frost/frosteco.pcx \\x46\\x52\\x4f\\x53\\x54\\xe4\\x00 \\x65 6 8
data/font/frost/frostig.pgd data_src/pcx/font/frost/frostig.pcx \\x46\\x52\\x4f\\x53\\x54\\x47\\x00 \\xc4 6 8
data/font/frost/frostiv.pgd data_src/pcx/font/frost/frostiv.pcx \\x46\\x52\\x4f\\x53\\x54\\x56\\x00 \\xff 6 8
data/font/frost/frostps.pgd data_src/pcx/font/frost/frostps.pcx \\x46\\x52\\x4f\\x53\\x54\\x73\\x00 \\x17 6 8
data/font/frost/froste23.pgd data_src/pcx/font/frost/froste23.pcx \\x46\\x52\\x4f\\x53\\x54\\x3d\\x00 \\x00 6 8
data/font/frost/froste18.pgd data_src/pcx/font/frost/froste18.pcx \\x46\\x52\\x4f\\x53\\x54\\x7e\\x00 \\x15 6 8
data/font/frost/frostiz.pgd data_src/pcx/font/frost/frostiz.pcx \\x46\\x52\\x4f\\x53\\x54\\x5a\\x00 \\x80 6 8
data/font/frost/frostn3.pgd data_src/pcx/font/frost/frostn3.pcx \\x46\\x52\\x4f\\x53\\x54\\x33\\x00 \\xc3 6 8
data/font/frost/frostpi.pgd data_src/pcx/font/frost/frostpi.pcx \\x46\\x52\\x4f\\x53\\x54\\x69\\x00 \\x17 6 8
data/font/frost/froste7.pgd data_src/pcx/font/frost/froste7.pcx \\x46\\x52\\x4f\\x53\\x54\\x28\\x00 \\x08 6 8
data/font/frost/frostie.pgd data_src/pcx/font/frost/frostie.pcx \\x46\\x52\\x4f\\x53\\x54\\x45\\x00 \\x1c 6 8
data/font/frost/frostn8.pgd data_src/pcx/font/frost/frostn8.pcx \\x46\\x52\\x4f\\x53\\x54\\x38\\x00 \\x00 6 8
data/font/frost/frostn2.pgd data_src/pcx/font/frost/frostn2.pcx \\x46\\x52\\x4f\\x53\\x54\\x32\\x00 \\x01 6 8
data/font/frost/frostpu.pgd data_src/pcx/font/frost/frostpu.pcx \\x46\\x52\\x4f\\x53\\x54\\x75\\x00 \\x18 6 8
data/font/frost/frostn5.pgd data_src/pcx/font/frost/frostn5.pcx \\x46\\x52\\x4f\\x53\\x54\\x35\\x00 \\xff 6 8
data/font/frost/frostiw.pgd data_src/pcx/font/frost/frostiw.pcx \\x46\\x52\\x4f\\x53\\x54\\x57\\x00 \\x1d 6 8
data/font/frost/frostpr.pgd data_src/pcx/font/frost/frostpr.pcx \\x46\\x52\\x4f\\x53\\x54\\x72\\x00 \\x12 6 8
data/font/frost/froste11.pgd data_src/pcx/font/frost/froste11.pcx \\x46\\x52\\x4f\\x53\\x54\\x2c\\x00 \\x08 6 8
data/font/frost/frostiq.pgd data_src/pcx/font/frost/frostiq.pcx \\x46\\x52\\x4f\\x53\\x54\\x51\\x00 \\x00 6 8
data/font/frost/frostn1.pgd data_src/pcx/font/frost/frostn1.pcx \\x46\\x52\\x4f\\x53\\x54\\x31\\x00 \\xc1 6 8
data/font/frost/frostih.pgd data_src/pcx/font/frost/frostih.pcx \\x46\\x52\\x4f\\x53\\x54\\x48\\x00 \\x00 6 8
data/font/frost/froste12.pgd data_src/pcx/font/frost/froste12.pcx \\x46\\x52\\x4f\\x53\\x54\\x2d\\x00 \\x4f 6 8
data/font/frost/frostpc.pgd data_src/pcx/font/frost/frostpc.pcx \\x46\\x52\\x4f\\x53\\x54\\x63\\x00 \\x16 6 8
data/font/frost/frostiu.pgd data_src/pcx/font/frost/frostiu.pcx \\x46\\x52\\x4f\\x53\\x54\\x55\\x00 \\xff 6 8
data/font/frost/frostpf.pgd data_src/pcx/font/frost/frostpf.pcx \\x46\\x52\\x4f\\x53\\x54\\x66\\x00 \\x12 6 8
data/font/frost/frostpp.pgd data_src/pcx/font/frost/frostpp.pcx \\x46\\x52\\x4f\\x53\\x54\\x70\\x00 \\x15 6 8
data/font/frost/froste8.pgd data_src/pcx/font/frost/froste8.pcx \\x46\\x52\\x4f\\x53\\x54\\x29\\x00 \\x00 6 8
data/font/frost/frostpb.pgd data_src/pcx/font/frost/frostpb.pcx \\x46\\x52\\x4f\\x53\\x54\\x62\\x00 \\x1f 6 8
data/font/frost/frostpz.pgd data_src/pcx/font/frost/frostpz.pcx \\x46\\x52\\x4f\\x53\\x54\\x7a\\x00 \\xff 6 8
data/font/frost/froste3.pgd data_src/pcx/font/frost/froste3.pcx \\x46\\x52\\x4f\\x53\\x54\\x23\\x00 \\x00 6 8
data/font/frost/frostir.pgd data_src/pcx/font/frost/frostir.pcx \\x46\\x52\\x4f\\x53\\x54\\x52\\x00 \\x1f 6 8
data/font/frost/froste5.pgd data_src/pcx/font/frost/froste5.pcx \\x46\\x52\\x4f\\x53\\x54\\x25\\x00 \\x00 6 8
data/font/frost/frostalf.pgd data_src/pcx/font/frost/frostalf.pcx \\x46\\x52\\x4f\\x53\\x54\\xe0\\x00 \\x40 6 8
data/font/frost/frostil.pgd data_src/pcx/font/frost/frostil.pcx \\x46\\x52\\x4f\\x53\\x54\\x4c\\x00 \\x00 6 8
data/font/frost/frostis.pgd data_src/pcx/font/frost/frostis.pcx \\x46\\x52\\x4f\\x53\\x54\\x53\\x00 \\x18 6 8
data/font/frost/frostpg.pgd data_src/pcx/font/frost/frostpg.pcx \\x46\\x52\\x4f\\x53\\x54\\x67\\x00 \\x18 6 8
data/font/frost/frostn6.pgd data_src/pcx/font/frost/frostn6.pcx \\x46\\x52\\x4f\\x53\\x54\\x36\\x00 \\xff 6 8
data/font/frost/frostif.pgd data_src/pcx/font/frost/frostif.pcx \\x46\\x52\\x4f\\x53\\x54\\x46\\x00 \\x19 6 8
data/font/frost/froste2.pgd data_src/pcx/font/frost/froste2.pcx \\x46\\x52\\x4f\\x53\\x54\\x22\\x00 \\x00 6 8
data/font/frost/frostpk.pgd data_src/pcx/font/frost/frostpk.pcx \\x46\\x52\\x4f\\x53\\x54\\x6b\\x00 \\xff 6 8
data/font/frost/frostpw.pgd data_src/pcx/font/frost/frostpw.pcx \\x46\\x52\\x4f\\x53\\x54\\x77\\x00 \\x50 6 8
data/font/frost/froste24.pgd data_src/pcx/font/frost/froste24.pcx \\x46\\x52\\x4f\\x53\\x54\\x3f\\x00 \\xff 6 8
data/font/frost/froste10.pgd data_src/pcx/font/frost/froste10.pcx \\x46\\x52\\x4f\\x53\\x54\\x2b\\x00 \\x08 6 8
data/font/frost/frostib.pgd data_src/pcx/font/frost/frostib.pcx \\x46\\x52\\x4f\\x53\\x54\\x42\\x00 \\x4c 6 8
data/font/frost/froste20.pgd data_src/pcx/font/frost/froste20.pcx \\x46\\x52\\x4f\\x53\\x54\\x3b\\x00 \\xff 6 8
data/font/frost/froste9.pgd data_src/pcx/font/frost/froste9.pcx \\x46\\x52\\x4f\\x53\\x54\\x2a\\x00 \\x10 6 8
data/font/frost/frostbet.pgd data_src/pcx/font/frost/frostbet.pcx \\x46\\x52\\x4f\\x53\\x54\\xe1\\x00 \\xff 6 8
data/font/frost/frostim.pgd data_src/pcx/font/frost/frostim.pcx \\x46\\x52\\x4f\\x53\\x54\\x4d\\x00 \\x14 6 8
data/font/frost/frostiou.pgd data_src/pcx/font/frost/frostiou.pcx \\x46\\x52\\x4f\\x53\\x54\\x99\\x00 \\x10 6 8
data/font/frost/frostiau.pgd data_src/pcx/font/frost/frostiau.pcx \\x46\\x52\\x4f\\x53\\x54\\x8e\\x00 \\xff 6 8
data/font/frost/frostpx.pgd data_src/pcx/font/frost/frostpx.pcx \\x46\\x52\\x4f\\x53\\x54\\x78\\x00 \\x00 6 8
data/font/frost/froste1.pgd data_src/pcx/font/frost/froste1.pcx \\x46\\x52\\x4f\\x53\\x54\\x21\\x00 \\x72 6 8
data/font/frost/frostpar.pgd data_src/pcx/font/frost/frostpar.pcx \\x46\\x52\\x4f\\x53\\x54\\x86\\x00 \\xff 6 8
data/font/frost/frostpj.pgd data_src/pcx/font/frost/frostpj.pcx \\x46\\x52\\x4f\\x53\\x54\\x6a\\x00 \\xff 6 8
data/font/frost/frostpq.pgd data_src/pcx/font/frost/frostpq.pcx \\x46\\x52\\x4f\\x53\\x54\\x71\\x00 \\xca 6 8
data/font/frost/froste19.pgd data_src/pcx/font/frost/froste19.pcx \\x46\\x52\\x4f\\x53\\x54\\x3a\\x00 \\xff 6 8
data/font/frost/froste13.pgd data_src/pcx/font/frost/froste13.pcx \\x46\\x52\\x4f\\x53\\x54\\x2e\\x00 \\x4f 6 8
data/font/frost/frostid.pgd data_src/pcx/font/frost/frostid.pcx \\x46\\x52\\x4f\\x53\\x54\\x44\\x00 \\x2c 6 8
data/font/frost/frostia.pgd data_src/pcx/font/frost/frostia.pcx \\x46\\x52\\x4f\\x53\\x54\\x41\\x00 \\xa1 6 8
data/font/frost/frostpv.pgd data_src/pcx/font/frost/frostpv.pcx \\x46\\x52\\x4f\\x53\\x54\\x76\\x00 \\x18 6 8
data/font/frost/frostn9.pgd data_src/pcx/font/frost/frostn9.pcx \\x46\\x52\\x4f\\x53\\x54\\x39\\x00 \\x1e 6 8
data/font/frost/frostpy.pgd data_src/pcx/font/frost/frostpy.pcx \\x46\\x52\\x4f\\x53\\x54\\x79\\x00 \\xc4 6 8
data/font/frost/froste17.pgd data_src/pcx/font/frost/froste17.pcx \\x46\\x52\\x4f\\x53\\x54\\x5d\\x00 \\xc7 6 8
data/font/frost/froste6.pgd data_src/pcx/font/frost/froste6.pcx \\x46\\x52\\x4f\\x53\\x54\\x26\\x00 \\xdc 6 8
data/font/frost/frostic.pgd data_src/pcx/font/frost/frostic.pcx \\x46\\x52\\x4f\\x53\\x54\\x43\\x00 \\x08 6 8
data/font/frost/frostik.pgd data_src/pcx/font/frost/frostik.pcx \\x46\\x52\\x4f\\x53\\x54\\x4b\\x00 \\x08 6 8
data/font/frost/frostn7.pgd data_src/pcx/font/frost/frostn7.pcx \\x46\\x52\\x4f\\x53\\x54\\x37\\x00 \\x01 6 8
data/font/frost/frostpn.pgd data_src/pcx/font/frost/frostpn.pcx \\x46\\x52\\x4f\\x53\\x54\\x6e\\x00 \\x12 6 8
data/font/frost/frostij.pgd data_src/pcx/font/frost/frostij.pcx \\x46\\x52\\x4f\\x53\\x54\\x4a\\x00 \\x13 6 8
data/font/frost/frostpou.pgd data_src/pcx/font/frost/frostpou.pcx \\x46\\x52\\x4f\\x53\\x54\\x94\\x00 \\x34 6 8
data/font/frost/frostiar.pgd data_src/pcx/font/frost/frostiar.pcx \\x46\\x52\\x4f\\x53\\x54\\x8f\\x00 \\x12 6 8
data/font/frost/froste25.pgd data_src/pcx/font/frost/froste25.pcx \\x46\\x52\\x4f\\x53\\x54\\x40\\x00 \\xff 6 8
data/font/frost/froste15.pgd data_src/pcx/font/frost/froste15.pcx \\x46\\x52\\x4f\\x53\\x54\\x22\\x00 \\xff 6 8
data/font/frost/frostin.pgd data_src/pcx/font/frost/frostin.pcx \\x46\\x52\\x4f\\x53\\x54\\x4e\\x00 \\x20 6 8
data/font/frost/froste21.pgd data_src/pcx/font/frost/froste21.pcx \\x46\\x52\\x4f\\x53\\x54\\x3c\\x00 \\x2c 6 8
data/font/frost/frostit.pgd data_src/pcx/font/frost/frostit.pcx \\x46\\x52\\x4f\\x53\\x54\\x54\\x00 \\xff 6 8
data/font/frost/frostii.pgd data_src/pcx/font/frost/frostii.pcx \\x46\\x52\\x4f\\x53\\x54\\x49\\x00 \\x00 6 8
data/font/frost/froste14.pgd data_src/pcx/font/frost/froste14.pcx \\x46\\x52\\x4f\\x53\\x54\\x2f\\x00 \\x16 6 8
data/font/frost/frostn0.pgd data_src/pcx/font/frost/frostn0.pcx \\x46\\x52\\x4f\\x53\\x54\\x30\\x00 \\x01 6 8
data/font/frost/frostiy.pgd data_src/pcx/font/frost/frostiy.pcx \\x46\\x52\\x4f\\x53\\x54\\x59\\x00 \\x1f 6 8
data/font/frost/frostpm.pgd data_src/pcx/font/frost/frostpm.pcx \\x46\\x52\\x4f\\x53\\x54\\x6d\\x00 \\x00 6 8
data/font/frost/frostpt.pgd data_src/pcx/font/frost/frostpt.pcx \\x46\\x52\\x4f\\x53\\x54\\x74\\x00 \\xc7 6 8
data/font/frost/frostpo.pgd data_src/pcx/font/frost/frostpo.pcx \\x46\\x52\\x4f\\x53\\x54\\x6f\\x00 \\xff 6 8
data/font/frost/frostio.pgd data_src/pcx/font/frost/frostio.pcx \\x46\\x52\\x4f\\x53\\x54\\x4f\\x00 \\x08 6 8
data/font/frost/frostix.pgd data_src/pcx/font/frost/frostix.pcx \\x46\\x52\\x4f\\x53\\x54\\x58\\x00 \\x08 6 8
data/font/grid2.pgd data_src/pcx/font/grid2.pcx \\x47\\x32\\x46\\x4f\\x4e\\x54\\x00 \\xff 81 145
data/font/fontt/fontseve.pgd data_src/pcx/font/fontt/fontseve.pcx \\x46\\x4f\\x4e\\x54\\x54\\x37\\x00 \\x02 4 6
data/font/fontt/fontfour.pgd data_src/pcx/font/fontt/fontfour.pcx \\x46\\x4f\\x4e\\x54\\x54\\x34\\x00 \\x00 4 6
data/font/fontt/fontfive.pgd data_src/pcx/font/fontt/fontfive.pcx \\x46\\x4f\\x4e\\x54\\x54\\x35\\x00 \\xaf 4 6
data/font/fontt/fonttwo.pgd data_src/pcx/font/fontt/fonttwo.pcx \\x46\\x4f\\x4e\\x54\\x54\\x32\\x00 \\x31 4 6
data/font/fontt/fontnega.pgd data_src/pcx/font/fontt/fontnega.pcx \\x46\\x4f\\x4e\\x54\\x54\\x2d\\x00 \\x43 4 6
data/font/fontt/fontpros.pgd data_src/pcx/font/fontt/fontpros.pcx \\x46\\x4f\\x4e\\x54\\x54\\x25\\x00 \\x0a 4 6
data/font/fontt/fontnine.pgd data_src/pcx/font/fontt/fontnine.pcx \\x46\\x4f\\x4e\\x54\\x54\\x39\\x00 \\x03 4 6
data/font/fontt/fontzero.pgd data_src/pcx/font/fontt/fontzero.pcx \\x46\\x4f\\x4e\\x54\\x54\\x30\\x00 \\x00 4 6
data/font/fontt/fontthre.pgd data_src/pcx/font/fontt/fontthre.pcx \\x46\\x4f\\x4e\\x54\\x54\\x33\\x00 \\x00 4 6
data/font/fontt/fontsix.pgd data_src/pcx/font/fontt/fontsix.pcx \\x46\\x4f\\x4e\\x54\\x54\\x36\\x00 \\x00 4 6
data/font/fontt/fonteigh.pgd data_src/pcx/font/fontt/fonteigh.pcx \\x46\\x4f\\x4e\\x54\\x54\\x38\\x00 \\x60 4 6
data/font/fontt/fontone.pgd data_src/pcx/font/fontt/fontone.pcx \\x46\\x4f\\x4e\\x54\\x54\\x31\\x00 \\x00 4 6
data/font/gridfont.pgd data_src/pcx/font/gridfont.pcx \\x47\\x52\\x46\\x4f\\x4e\\x54\\x00 \\xd7 81 129
data/planes/savua.pgd data_src/pcx/planes/savua.pcx \\x53\\x4d\\x4f\\x4b\\x45\\x00\\x00 \\x00 358 22
data/planes/data1.pgd data_src/pcx/planes/data1.pcx \\x50\\x4c\\x41\\x4e\\x45\\x53\\x00 \\x74 85 127
data/planes/tricrash.pgd data_src/pcx/planes/tricrash.pcx \\x43\\x52\\x41\\x53\\x48\\x00\\x00 \\x0b 320 200
data/misc/board2.pgd data_src/pcx/misc/board2.pcx \\x42\\x4f\\x41\\x52\\x44\\x32\\x00 \\x70 162 12
data/misc/radar.pgd data_src/pcx/misc/radar.pcx \\x52\\x41\\x44\\x41\\x52\\x00\\x00 \\x73 33 17
data/misc/smokex.pgd data_src/pcx/misc/smokex.pcx \\x53\\x4d\\x4f\\x4b\\x45\\x58\\x00 \\x98 49 5
data/misc/flame.pgd data_src/pcx/misc/flame.pcx \\x46\\x4c\\x41\\x4d\\x45\\x00\\x00 \\xdc 49 16
data/misc/explox.pgd data_src/pcx/misc/explox.pcx \\x45\\x58\\x50\\x4c\\x4f\\x58\\x00 \\x8b 41 33
data/misc/wave2.pgd data_src/pcx/misc/wave2.pcx \\x57\\x41\\x56\\x45\\x32\\x00\\x00 \\xc4 21 7
data/misc/itexpl1.pgd data_src/pcx/misc/itexpl1.pcx \\x49\\x54\\x45\\x58\\x50\\x31\\x00 \\x74 217 46
data/misc/infan.pgd data_src/pcx/misc/infan.pcx \\x49\\x4e\\x46\\x41\\x4e\\x00\\x00 \\x0d 15 14
data/misc/expls4.pgd data_src/pcx/misc/expls4.pcx \\x45\\x58\\x50\\x4c\\x53\\x34\\x00 \\x39 20 14
data/misc/wave.pgd data_src/pcx/misc/wave.pcx \\x57\\x41\\x56\\x45\\x31\\x00\\x00 \\x71 361 25
data/misc/flags.pgd data_src/pcx/misc/flags.pcx \\x46\\x4c\\x41\\x47\\x53\\x00\\x04 \\x71 169 41
data/misc/expls2.pgd data_src/pcx/misc/expls2.pcx \\x45\\x58\\x50\\x4c\\x53\\x32\\x00 \\x00 20 14
data/misc/itgun.pgd data_src/pcx/misc/itgun.pcx \\x49\\x54\\x47\\x55\\x4e\\x00\\x00 \\xe7 25 21
data/misc/lappu1.pgd data_src/pcx/misc/lappu1.pcx \\x4c\\x41\\x50\\x50\\x55\\x31\\x00 \\x00 99 57
data/misc/expls1.pgd data_src/pcx/misc/expls1.pcx \\x45\\x58\\x50\\x4c\\x53\\x31\\x00 \\x39 20 14
data/misc/palasia.pgd data_src/pcx/misc/palasia.pcx \\x42\\x49\\x54\\x45\\x53\\x00\\x00 \\x89 320 200
data/misc/hactiv.pgd data_src/pcx/misc/hactiv.pcx \\x48\\x41\\x43\\x54\\x49\\x56\\x00 \\xff 13 5
data/misc/mekan3.pgd data_src/pcx/misc/mekan3.pcx \\x4d\\x45\\x4b\\x41\\x4e\\x33\\x00 \\x69 127 13
data/misc/infantry.pgd data_src/pcx/misc/infantry.pcx \\x49\\x4e\\x46\\x41\\x4e\\x54\\x00 \\x00 305 181
data/misc/bomb.pgd data_src/pcx/misc/bomb.pcx \\x42\\x4f\\x4d\\x42\\x00\\xd8\\x00 \\x61 8 8
data/misc/hinact.pgd data_src/pcx/misc/hinact.pcx \\x48\\x49\\x4e\\x41\\x43\\x54\\x00 \\x8b 13 5
data/misc/flags0.pgd data_src/pcx/misc/flags0.pcx \\x46\\x4c\\x41\\x47\\x53\\x30\\x00 \\x00 9 9
data/misc/hmenu.pgd data_src/pcx/misc/hmenu.pcx \\x48\\x4d\\x45\\x4e\\x55\\x00\\x00 \\xdc 158 90
data/misc/mekan1.pgd data_src/pcx/misc/mekan1.pcx \\x4d\\x45\\x4b\\x41\\x4e\\x31\\x00 \\xff 197 13
data/misc/piece10.pgd data_src/pcx/misc/piece10.pcx \\x50\\x49\\x45\\x43\\x45\\x31\\x00 \\x00 106 16
data/misc/expls3.pgd data_src/pcx/misc/expls3.pcx \\x45\\x58\\x50\\x4c\\x53\\x33\\x00 \\xff 20 14
data/misc/erreor.pgd data_src/pcx/misc/erreor.pcx \\x45\\x52\\x52\\x4f\\x52\\x00\\x04 \\x67 83 51
data/misc/it.pgd data_src/pcx/misc/it.pcx \\x49\\x54\\x47\\x55\\x4e\\x53\\x00 \\xff 190 67
data/misc/expls6.pgd data_src/pcx/misc/expls6.pcx \\x45\\x58\\x50\\x4c\\x53\\x36\\x00 \\xc1 20 14
data/misc/ovi.pgd data_src/pcx/misc/ovi.pcx \\x4f\\x56\\x49\\x00\\x6b\\x7e\\x00 \\xff 339 15
data/misc/mekan2.pgd data_src/pcx/misc/mekan2.pcx \\x4d\\x45\\x4b\\x41\\x4e\\x32\\x00 \\x64 197 13
data/misc/ssmoke.pgd data_src/pcx/misc/ssmoke.pcx \\x53\\x53\\x4d\\x4f\\x4b\\x45\\x00 \\x65 171 11
data/misc/piece11.pgd data_src/pcx/misc/piece11.pcx \\x50\\x49\\x45\\x43\\x45\\x32\\x00 \\x74 61 16
data/misc/expls7.pgd data_src/pcx/misc/expls7.pcx \\x45\\x58\\x50\\x4c\\x53\\x37\\x00 \\x13 20 14
data/misc/board.pgd data_src/pcx/misc/board.pcx \\x42\\x4f\\x41\\x52\\x44\\x00\\x00 \\x00 320 200
data/misc/flags2.pgd data_src/pcx/misc/flags2.pcx \\x46\\x4c\\x41\\x47\\x53\\x32\\x00 \\xd0 9 9
data/misc/expls0.pgd data_src/pcx/misc/expls0.pcx \\x45\\x58\\x50\\x4c\\x53\\x30\\x00 \\xa5 20 14
data/misc/closed2.pgd data_src/pcx/misc/closed2.pcx \\x43\\x4c\\x4f\\x53\\x45\\x44\\x00 \\xc1 156 88
data/misc/flags3.pgd data_src/pcx/misc/flags3.pcx \\x46\\x4c\\x41\\x47\\x53\\x33\\x00 \\xd7 11 9
data/misc/hruks.pgd data_src/pcx/misc/hruks.pcx \\x48\\x52\\x55\\x4b\\x53\\x00\\x00 \\x71 18 15
data/misc/score.pgd data_src/pcx/misc/score.pcx \\x53\\x43\\x4f\\x52\\x45\\x00\\x00 \\x00 320 200
data/misc/instop.pgd data_src/pcx/misc/instop.pcx \\x49\\x4e\\x53\\x54\\x4f\\x50\\x00 \\xff 5 15
data/misc/pwon.pgd data_src/pcx/misc/pwon.pcx \\x50\\x57\\x4f\\x4e\\x00\\x07\\x00 \\x6c 9 4
data/misc/rifle.pgd data_src/pcx/misc/rifle.pcx \\x52\\x49\\x46\\x4c\\x45\\x00\\x00 \\x74 109 10
data/misc/picons.pgd data_src/pcx/misc/picons.pcx \\x50\\x49\\x43\\x4f\\x4e\\x53\\x00 \\x00 37 9
data/misc/flags1.pgd data_src/pcx/misc/flags1.pcx \\x46\\x4c\\x41\\x47\\x53\\x31\\x00 \\x74 11 9
data/misc/lappu2.pgd data_src/pcx/misc/lappu2.pcx \\x4c\\x41\\x50\\x50\\x55\\x32\\x00 \\x14 47 15
data/misc/expls5.pgd data_src/pcx/misc/expls5.pcx \\x45\\x58\\x50\\x4c\\x53\\x35\\x00 \\xff 20 14
data/misc/data2.pgd data_src/pcx/misc/data2.pcx \\x53\\x54\\x41\\x54\\x55\\x53\\x00 \\x27 65 25
data/misc/pwoff.pgd data_src/pcx/misc/pwoff.pcx \\x50\\x57\\x4f\\x46\\x46\\x00\\x00 \\x00 9 4
data/menus/medals4.pgd data_src/pcx/menus/medals4.pcx \\x4d\\x45\\x44\\x41\\x4c\\x34\\x00 \\xff 27 47
data/menus/medal2.pgd data_src/pcx/menus/medal2.pcx \\x4d\\x45\\x44\\x41\\x4c\\x32\\x00 \\xf0 69 30
data/menus/nappre.pgd data_src/pcx/menus/nappre.pcx \\x4e\\x41\\x50\\x50\\x52\\x45\\x00 \\xff 14 13
data/menus/buttok.pgd data_src/pcx/menus/buttok.pcx \\x42\\x55\\x54\\x54\\x4f\\x4b\\x00 \\xff 40 20
data/menus/help4.pgd data_src/pcx/menus/help4.pcx \\x48\\x45\\x4c\\x50\\x34\\x00\\x00 \\x00 320 200
data/menus/help5.pgd data_src/pcx/menus/help5.pcx \\x48\\x45\\x4c\\x50\\x35\\x00\\x00 \\x00 320 200
data/menus/alkuval.pgd data_src/pcx/menus/alkuval.pcx \\x4d\\x45\\x4e\\x55\\x30\\x31\\x00 \\x74 320 200
data/menus/finmis.pgd data_src/pcx/menus/finmis.pcx \\x46\\x49\\x4e\\x4d\\x49\\x53\\x00 \\xe4 320 200
data/menus/japfac.pgd data_src/pcx/menus/japfac.pcx \\x4a\\x41\\x50\\x46\\x41\\x43\\x00 \\xff 320 200
data/menus/opt2.pgd data_src/pcx/menus/opt2.pcx \\x4f\\x50\\x54\\x32\\x00\\x03\\x00 \\x5f 57 107
data/menus/acesb.pgd data_src/pcx/menus/acesb.pcx \\x41\\x43\\x45\\x53\\x42\\x00\\x00 \\xc2 187 51
data/menus/nappyl.pgd data_src/pcx/menus/nappyl.pcx \\x4e\\x41\\x50\\x50\\x59\\x4c\\x00 \\x00 14 13
data/menus/warn1.pgd data_src/pcx/menus/warn1.pcx \\x57\\x41\\x52\\x4e\\x31\\x00\\x00 \\x89 247 163
data/menus/credi1.pgd data_src/pcx/menus/credi1.pcx \\x43\\x52\\x45\\x44\\x49\\x31\\x00 \\x35 320 200
data/menus/aces.pgd data_src/pcx/menus/aces.pcx \\x41\\x43\\x45\\x53\\x4d\\x45\\x00 \\x56 320 200
data/menus/buttr.pgd data_src/pcx/menus/buttr.pcx \\x42\\x55\\x54\\x54\\x52\\x00\\x04 \\xf4 17 9
data/menus/misbak.pgd data_src/pcx/menus/misbak.pcx \\x4d\\x49\\x53\\x42\\x41\\x4b\\x00 \\xff 320 200
data/menus/engfac.pgd data_src/pcx/menus/engfac.pcx \\x45\\x4e\\x47\\x46\\x41\\x43\\x00 \\x0f 320 200
data/menus/aces2.pgd data_src/pcx/menus/aces2.pcx \\x41\\x43\\x45\\x53\\x4d\\x32\\x00 \\x74 320 200
data/menus/wrong.pgd data_src/pcx/menus/wrong.pcx \\x57\\x52\\x4f\\x4e\\x47\\x00\\x00 \\x73 6 7
data/menus/desc5.pgd data_src/pcx/menus/desc5.pcx \\x44\\x45\\x53\\x43\\x35\\x00\\x00 \\xe3 320 200
data/menus/japmis2.pgd data_src/pcx/menus/japmis2.pcx \\x4d\\x49\\x53\\x53\\x49\\x33\\x00 \\x06 105 163
data/menus/options.pgd data_src/pcx/menus/options.pcx \\x4f\\x50\\x54\\x49\\x4f\\x4e\\x00 \\x96 320 200
data/menus/ribbons.pgd data_src/pcx/menus/ribbons.pcx \\x52\\x49\\x42\\x42\\x4f\\x4e\\x00 \\x00 216 9
data/menus/germis2.pgd data_src/pcx/menus/germis2.pcx \\x4d\\x49\\x53\\x53\\x49\\x30\\x00 \\x19 105 163
data/menus/feat5.pgd data_src/pcx/menus/feat5.pcx \\x46\\x45\\x41\\x54\\x35\\x00\\x00 \\x74 237 112
data/menus/japmis.pgd data_src/pcx/menus/japmis.pcx \\x4a\\x41\\x50\\x4d\\x49\\x53\\x00 \\xc1 320 200
data/menus/letter.pgd data_src/pcx/menus/letter.pcx \\x4c\\x45\\x54\\x54\\x45\\x52\\x00 \\x00 320 200
data/menus/acesa.pgd data_src/pcx/menus/acesa.pcx \\x41\\x43\\x45\\x53\\x41\\x00\\x00 \\x08 320 200
data/menus/germis.pgd data_src/pcx/menus/germis.pcx \\x47\\x45\\x52\\x4d\\x49\\x53\\x00 \\xff 320 200
data/menus/ruksi.pgd data_src/pcx/menus/ruksi.pcx \\x52\\x55\\x4b\\x53\\x49\\x00\\x00 \\x00 10 7
data/menus/opt1.pgd data_src/pcx/menus/opt1.pcx \\x4f\\x50\\x54\\x31\\x00\\x03\\x00 \\x22 57 90
data/menus/opti4.pgd data_src/pcx/menus/opti4.pcx \\x4f\\x50\\x54\\x49\\x34\\x00\\x00 \\x00 6 133
data/menus/propello.pgd data_src/pcx/menus/propello.pcx \\x43\\x55\\x52\\x53\\x4f\\x52\\x00 \\xd2 18 15
data/menus/nappis.pgd data_src/pcx/menus/nappis.pcx \\x4e\\x41\\x50\\x50\\x49\\x53\\x00 \\x06 320 200
data/menus/help1.pgd data_src/pcx/menus/help1.pcx \\x48\\x45\\x4c\\x50\\x31\\x00\\x00 \\xff 320 200
data/menus/buttl.pgd data_src/pcx/menus/buttl.pcx \\x42\\x55\\x54\\x54\\x4c\\x00\\x04 \\x1d 17 9
data/menus/allmais2.pgd data_src/pcx/menus/allmais2.pcx \\x54\\x52\\x41\\x4e\\x53\\x32\\x00 \\x19 320 200
data/menus/warn2.pgd data_src/pcx/menus/warn2.pcx \\x57\\x41\\x52\\x4e\\x32\\x00\\x00 \\x00 145 81
data/menus/desc1.pgd data_src/pcx/menus/desc1.pcx \\x44\\x45\\x53\\x43\\x31\\x00\\x00 \\x72 320 200
data/menus/help2.pgd data_src/pcx/menus/help2.pcx \\x48\\x45\\x4c\\x50\\x32\\x00\\x00 \\xff 320 200
data/menus/opti2.pgd data_src/pcx/menus/opti2.pcx \\x4f\\x50\\x54\\x49\\x32\\x00\\x00 \\x18 6 133
data/menus/medal1.pgd data_src/pcx/menus/medal1.pcx \\x4d\\x45\\x44\\x41\\x4c\\x31\\x00 \\x45 129 59
data/menus/setk2.pgd data_src/pcx/menus/setk2.pcx \\x53\\x45\\x54\\x4b\\x32\\x00\\x00 \\xb1 33 9
data/menus/menua.pgd data_src/pcx/menus/menua.pcx \\x41\\x53\\x53\\x49\\x47\\x4e\\x00 \\xff 320 200
data/menus/fokkuva3.pgd data_src/pcx/menus/fokkuva3.pcx \\x53\\x54\\x41\\x52\\x54\\x31\\x00 \\x00 320 200
data/menus/misboa.pgd data_src/pcx/menus/misboa.pcx \\x4d\\x49\\x53\\x42\\x4f\\x41\\x00 \\xd5 130 196
data/menus/menub.pgd data_src/pcx/menus/menub.pcx \\x4d\\x45\\x4e\\x55\\x42\\x00\\x00 \\x12 320 200
data/menus/nappbl.pgd data_src/pcx/menus/nappbl.pcx \\x4e\\x41\\x50\\x50\\x42\\x4c\\x00 \\xff 14 13
data/menus/medals1.pgd data_src/pcx/menus/medals1.pcx \\x4d\\x45\\x44\\x41\\x4c\\x31\\x00 \\x80 129 59
data/menus/nappgr.pgd data_src/pcx/menus/nappgr.pcx \\x4e\\x41\\x50\\x50\\x47\\x52\\x00 \\xff 14 13
data/menus/desc6.pgd data_src/pcx/menus/desc6.pcx \\x44\\x45\\x53\\x43\\x36\\x00\\x00 \\x74 320 200
data/menus/engmis.pgd data_src/pcx/menus/engmis.pcx \\x45\\x4e\\x47\\x4d\\x49\\x53\\x00 \\x00 320 200
data/menus/desc4.pgd data_src/pcx/menus/desc4.pcx \\x44\\x45\\x53\\x43\\x34\\x00\\x00 \\xff 320 200
data/menus/desc2.pgd data_src/pcx/menus/desc2.pcx \\x44\\x45\\x53\\x43\\x32\\x00\\x00 \\x08 320 200
data/menus/opti1.pgd data_src/pcx/menus/opti1.pcx \\x4f\\x50\\x54\\x49\\x31\\x00\\x00 \\x63 6 133
data/menus/opti3.pgd data_src/pcx/menus/opti3.pcx \\x4f\\x50\\x54\\x49\\x33\\x00\\x00 \\x00 6 133
data/menus/engmis2.pgd data_src/pcx/menus/engmis2.pcx \\x4d\\x49\\x53\\x53\\x49\\x32\\x00 \\xfd 105 163
data/menus/desc3.pgd data_src/pcx/menus/desc3.pcx \\x44\\x45\\x53\\x43\\x33\\x00\\x00 \\x5f 320 200
data/menus/startd.pgd data_src/pcx/menus/startd.pcx \\x53\\x54\\x41\\x52\\x54\\x44\\x00 \\x00 320 200
data/menus/setk1.pgd data_src/pcx/menus/setk1.pcx \\x53\\x45\\x54\\x4b\\x31\\x00\\x00 \\x00 33 9
data/menus/right.pgd data_src/pcx/menus/right.pcx \\x52\\x49\\x47\\x48\\x54\\x00\\x00 \\x00 6 9
data/menus/medals3.pgd data_src/pcx/menus/medals3.pcx \\x4d\\x45\\x44\\x41\\x4c\\x33\\x00 \\xff 18 22
data/menus/buttc.pgd data_src/pcx/menus/buttc.pcx \\x42\\x55\\x54\\x54\\x43\\x00\\x00 \\x00 40 20
data/menus/finmis2.pgd data_src/pcx/menus/finmis2.pcx \\x4d\\x49\\x53\\x53\\x49\\x31\\x00 \\x00 105 163
data/menus/gerfac.pgd data_src/pcx/menus/gerfac.pcx \\x47\\x45\\x52\\x46\\x41\\x43\\x00 \\x73 320 200
data/menus/kangas.pgd data_src/pcx/menus/kangas.pcx \\x4b\\x41\\x4e\\x47\\x41\\x53\\x00 \\xff 320 200
data/menus/swallm.pgd data_src/pcx/menus/swallm.pcx \\x53\\x57\\x41\\x4c\\x4c\\x4d\\x00 \\xff 320 200
data/menus/exit.pgd data_src/pcx/menus/exit.pcx \\x45\\x58\\x49\\x54\\x00\\x7e\\x00 \\x00 17 9
data/menus/roster.pgd data_src/pcx/menus/roster.pcx \\x52\\x4f\\x53\\x54\\x45\\x52\\x00 \\x80 320 200
data/menus/help3.pgd data_src/pcx/menus/help3.pcx \\x48\\x45\\x4c\\x50\\x33\\x00\\x00 \\x00 320 200
data/menus/fly.pgd data_src/pcx/menus/fly.pcx \\x46\\x4c\\x59\\x00\\x6b\\x7e\\x00 \\xf4 17 9
data/menus/startrip.pgd data_src/pcx/menus/startrip.pcx \\x53\\x54\\x41\\x52\\x54\\x32\\x00 \\x19 193 85
data/menus/finfac.pgd data_src/pcx/menus/finfac.pcx \\x46\\x49\\x4e\\x46\\x41\\x43\\x00 \\x00 320 200
data/menus/allmaisg.pgd data_src/pcx/menus/allmaisg.pcx \\x54\\x52\\x41\\x4e\\x53\\x46\\x00 \\xc6 320 200
data/menus/fokkuva4.pgd data_src/pcx/menus/fokkuva4.pcx \\x53\\x54\\x41\\x52\\x54\\x31\\x00 \\x00 320 200
data/menus/medals2.pgd data_src/pcx/menus/medals2.pcx \\x4d\\x45\\x44\\x41\\x4c\\x32\\x00 \\x84 86 30
data/icons/ase3.pgd data_src/pcx/icons/ase3.pcx \\x41\\x53\\x45\\x33\\x00\\x00\\x00 \\x00 3 5
data/icons/ase4.pgd data_src/pcx/icons/ase4.pcx \\x41\\x53\\x45\\x34\\x00\\x00\\x00 \\x20 1 3
data/icons/ase1.pgd data_src/pcx/icons/ase1.pcx \\x41\\x53\\x45\\x31\\x00\\x00\\x00 \\xc4 5 9
data/icons/ase2.pgd data_src/pcx/icons/ase2.pcx \\x41\\x53\\x45\\x32\\x00\\x00\\x00 \\x00 2 8
